Component: ARM Compiler 5.06 update 6 (build 750) Tool: armlink [4d35ed]

==============================================================================

Section Cross References

    startup_tm4c123.o(STACK) refers (Special) to heapauxi.o(.text) for __use_two_region_memory
    startup_tm4c123.o(HEAP) refers (Special) to heapauxi.o(.text) for __use_two_region_memory
    startup_tm4c123.o(RESET) refers (Special) to heapauxi.o(.text) for __use_two_region_memory
    startup_tm4c123.o(RESET) refers to startup_tm4c123.o(STACK) for __initial_sp
    startup_tm4c123.o(RESET) refers to startup_tm4c123.o(.text) for Reset_Handler
    startup_tm4c123.o(RESET) refers to main.o(.text) for SysTick_Handler
    startup_tm4c123.o(RESET) refers to uart.o(.text) for UART1_Handler
    startup_tm4c123.o(RESET) refers to timer0.o(.text) for TIMER0A_Handler
    startup_tm4c123.o(RESET) refers to timer1.o(.text) for TIMER1A_Handler
    startup_tm4c123.o(.text) refers (Special) to heapauxi.o(.text) for __use_two_region_memory
    startup_tm4c123.o(.text) refers to __main.o(!!!main) for __main
    startup_tm4c123.o(.text) refers to startup_tm4c123.o(HEAP) for Heap_Mem
    startup_tm4c123.o(.text) refers to startup_tm4c123.o(STACK) for Stack_Mem
    main.o(.text) refers to st7735.o(.text) for ST7735_DrawBitmap(short, short, const unsigned short*, short, short)
    main.o(.text) refers to slidepot.o(.text) for ADC_In()
    main.o(.text) refers to main.o(.data) for main1
    main.o(.text) refers to main.o(.constdata) for mainfill
    main.o(.text) refers to main.o(.bss) for my
    main.o(.text) refers to sound.o(.text) for Play_Explosion()
    main.o(.text) refers to sound.o(.data) for sound
    main.o(.text) refers to pll.o(.text) for PLL_Init(unsigned)
    main.o(.text) refers to startup_tm4c123.o(.text) for EnableInterrupts
    main.o(.text) refers to timer1.o(.text) for Timer1_Init(void(*)(), unsigned)
    main.o(.text) refers to timer0.o(.text) for Timer0_Init(void(*)(), unsigned)
    main.o(.ARM.exidx) refers to main.o(.text) for .text
    main.o(.data) refers to main.o(.constdata) for Cruiser
    main.o(.init_array) refers to main.o(.text) for __sti___8_main_cpp_my
    main.o(.init_array) refers to init_aeabi.o(.text) for __cpp_initialize__aeabi_
    dac.o(.ARM.exidx) refers to dac.o(.text) for .text
    pll.o(.ARM.exidx) refers to pll.o(.text) for .text
    random.o(.text) refers to random.o(.data) for M
    random.o(.ARM.exidx) refers to random.o(.text) for .text
    st7735.o(.text) refers to st7735.o(.data) for RowStart
    st7735.o(.text) refers to st7735.o(.constdata) for Bcmd
    st7735.o(.text) refers to st7735.o(.bss) for Message
    st7735.o(.ARM.exidx) refers to st7735.o(.text) for .text
    slidepot.o(.ARM.exidx) refers to slidepot.o(.text) for .text
    sound.o(.text) refers to dac.o(.text) for DAC_Init()
    sound.o(.text) refers to sound.o(.data) for sound
    sound.o(.text) refers to sound.o(.constdata) for intro
    sound.o(.ARM.exidx) refers to sound.o(.text) for .text
    timer0.o(.text) refers to timer0.o(.data) for PeriodicTask0
    timer0.o(.ARM.exidx) refers to timer0.o(.text) for .text
    timer1.o(.text) refers to timer1.o(.data) for PeriodicTask1
    timer1.o(.ARM.exidx) refers to timer1.o(.text) for .text
    uart.o(.text) refers to fifo.o(.text) for Queue::Queue()
    uart.o(.text) refers to uart.o(.bss) for RxFifo
    uart.o(.ARM.exidx) refers to uart.o(.text) for .text
    uart.o(.init_array) refers to uart.o(.text) for __sti___8_UART_cpp_RxFifo
    uart.o(.init_array) refers to init_aeabi.o(.text) for __cpp_initialize__aeabi_
    fifo.o(.text) refers to st7735.o(.text) for ST7735_OutChar
    fifo.o(.ARM.exidx) refers to fifo.o(.text) for .text
    __main.o(!!!main) refers to __rtentry.o(.ARM.Collect$$rtentry$$00000000) for __rt_entry
    init_aeabi.o(.emb_text) refers (Special) to libinit2.o(.ARM.Collect$$libinit$$00000031) for __rt_lib_init_cpp_2
    init_aeabi.o(.init_array) refers (Special) to libinit2.o(.ARM.Collect$$libinit$$00000031) for __rt_lib_init_cpp_2
    init_aeabi.o(.init_array) refers to init_aeabi.o(.text) for __cpp_initialize__aeabi_
    init_aeabi.o(.dummy_text) refers (Special) to libinit2.o(.ARM.Collect$$libinit$$00000031) for __rt_lib_init_cpp_2
    init_aeabi.o(.text) refers (Special) to libinit2.o(.ARM.Collect$$libinit$$00000031) for __rt_lib_init_cpp_2
    init_aeabi.o(.ARM.exidx) refers (Special) to libinit2.o(.ARM.Collect$$libinit$$00000031) for __rt_lib_init_cpp_2
    init_aeabi.o(.ARM.exidx) refers to init_aeabi.o(.text) for .text
    __rtentry.o(.ARM.Collect$$rtentry$$00000000) refers (Special) to __rtentry2.o(.ARM.Collect$$rtentry$$0000000A) for __rt_entry_li
    __rtentry.o(.ARM.Collect$$rtentry$$00000000) refers (Special) to __rtentry2.o(.ARM.Collect$$rtentry$$0000000D) for __rt_entry_main
    __rtentry.o(.ARM.Collect$$rtentry$$00000000) refers (Special) to __rtentry2.o(.ARM.Collect$$rtentry$$0000000C) for __rt_entry_postli_1
    __rtentry.o(.ARM.Collect$$rtentry$$00000000) refers (Special) to __rtentry2.o(.ARM.Collect$$rtentry$$00000009) for __rt_entry_postsh_1
    __rtentry.o(.ARM.Collect$$rtentry$$00000000) refers (Special) to __rtentry2.o(.ARM.Collect$$rtentry$$00000002) for __rt_entry_presh_1
    __rtentry.o(.ARM.Collect$$rtentry$$00000000) refers (Special) to __rtentry4.o(.ARM.Collect$$rtentry$$00000004) for __rt_entry_sh
    libinit2.o(.ARM.Collect$$libinit$$00000010) refers to libinit2.o(.ARM.Collect$$libinit$$0000000F) for .ARM.Collect$$libinit$$0000000F
    libinit2.o(.ARM.Collect$$libinit$$00000012) refers to libinit2.o(.ARM.Collect$$libinit$$0000000F) for .ARM.Collect$$libinit$$0000000F
    libinit2.o(.ARM.Collect$$libinit$$00000014) refers to libinit2.o(.ARM.Collect$$libinit$$0000000F) for .ARM.Collect$$libinit$$0000000F
    libinit2.o(.ARM.Collect$$libinit$$00000016) refers to libinit2.o(.ARM.Collect$$libinit$$0000000F) for .ARM.Collect$$libinit$$0000000F
    libinit2.o(.ARM.Collect$$libinit$$00000018) refers to libinit2.o(.ARM.Collect$$libinit$$0000000F) for .ARM.Collect$$libinit$$0000000F
    libinit2.o(.ARM.Collect$$libinit$$00000026) refers to argv_veneer.o(.emb_text) for __ARM_argv_veneer
    libinit2.o(.ARM.Collect$$libinit$$00000027) refers to argv_veneer.o(.emb_text) for __ARM_argv_veneer
    libinit2.o(.ARM.Collect$$libinit$$00000031) refers (Weak) to init_aeabi.o(.text) for __cpp_initialize__aeabi_
    __rtentry2.o(.ARM.Collect$$rtentry$$00000008) refers to boardinit2.o(.text) for _platform_post_stackheap_init
    __rtentry2.o(.ARM.Collect$$rtentry$$0000000A) refers to libinit.o(.ARM.Collect$$libinit$$00000000) for __rt_lib_init
    __rtentry2.o(.ARM.Collect$$rtentry$$0000000B) refers to boardinit3.o(.text) for _platform_post_lib_init
    __rtentry2.o(.ARM.Collect$$rtentry$$0000000D) refers to main.o(.text) for main
    __rtentry2.o(.ARM.Collect$$rtentry$$0000000D) refers to exit.o(.text) for exit
    __rtentry2.o(.ARM.exidx) refers to __rtentry2.o(.ARM.Collect$$rtentry$$00000001) for .ARM.Collect$$rtentry$$00000001
    __rtentry2.o(.ARM.exidx) refers to __rtentry2.o(.ARM.Collect$$rtentry$$00000008) for .ARM.Collect$$rtentry$$00000008
    __rtentry2.o(.ARM.exidx) refers to __rtentry2.o(.ARM.Collect$$rtentry$$0000000A) for .ARM.Collect$$rtentry$$0000000A
    __rtentry2.o(.ARM.exidx) refers to __rtentry2.o(.ARM.Collect$$rtentry$$0000000B) for .ARM.Collect$$rtentry$$0000000B
    __rtentry2.o(.ARM.exidx) refers to __rtentry2.o(.ARM.Collect$$rtentry$$0000000D) for .ARM.Collect$$rtentry$$0000000D
    __rtentry4.o(.ARM.Collect$$rtentry$$00000004) refers to sys_stackheap_outer.o(.text) for __user_setup_stackheap
    __rtentry4.o(.ARM.exidx) refers to __rtentry4.o(.ARM.Collect$$rtentry$$00000004) for .ARM.Collect$$rtentry$$00000004
    argv_veneer.o(.emb_text) refers to no_argv.o(.text) for __ARM_get_argv
    sys_stackheap_outer.o(.text) refers to libspace.o(.text) for __user_perproc_libspace
    sys_stackheap_outer.o(.text) refers to startup_tm4c123.o(.text) for __user_initial_stackheap
    exit.o(.text) refers to rtexit.o(.ARM.Collect$$rtexit$$00000000) for __rt_exit
    _get_argv_nomalloc.o(.text) refers (Special) to hrguard.o(.text) for __heap_region$guard
    _get_argv_nomalloc.o(.text) refers to defsig_rtmem_outer.o(.text) for __rt_SIGRTMEM
    _get_argv_nomalloc.o(.text) refers to sys_command.o(.text) for _sys_command_string
    libinit.o(.ARM.Collect$$libinit$$00000000) refers (Special) to libinit2.o(.ARM.Collect$$libinit$$0000002E) for __rt_lib_init_alloca_1
    libinit.o(.ARM.Collect$$libinit$$00000000) refers (Special) to libinit2.o(.ARM.Collect$$libinit$$0000002C) for __rt_lib_init_argv_1
    libinit.o(.ARM.Collect$$libinit$$00000000) refers (Special) to libinit2.o(.ARM.Collect$$libinit$$0000001B) for __rt_lib_init_atexit_1
    libinit.o(.ARM.Collect$$libinit$$00000000) refers (Special) to libinit2.o(.ARM.Collect$$libinit$$00000021) for __rt_lib_init_clock_1
    libinit.o(.ARM.Collect$$libinit$$00000000) refers (Special) to libinit2.o(.ARM.Collect$$libinit$$00000032) for __rt_lib_init_cpp_1
    libinit.o(.ARM.Collect$$libinit$$00000000) refers (Special) to libinit2.o(.ARM.Collect$$libinit$$00000030) for __rt_lib_init_exceptions_1
    libinit.o(.ARM.Collect$$libinit$$00000000) refers (Special) to libinit2.o(.ARM.Collect$$libinit$$00000002) for __rt_lib_init_fp_1
    libinit.o(.ARM.Collect$$libinit$$00000000) refers (Special) to libinit2.o(.ARM.Collect$$libinit$$0000001F) for __rt_lib_init_fp_trap_1
    libinit.o(.ARM.Collect$$libinit$$00000000) refers (Special) to libinit2.o(.ARM.Collect$$libinit$$00000023) for __rt_lib_init_getenv_1
    libinit.o(.ARM.Collect$$libinit$$00000000) refers (Special) to libinit2.o(.ARM.Collect$$libinit$$0000000A) for __rt_lib_init_heap_1
    libinit.o(.ARM.Collect$$libinit$$00000000) refers (Special) to libinit2.o(.ARM.Collect$$libinit$$00000011) for __rt_lib_init_lc_collate_1
    libinit.o(.ARM.Collect$$libinit$$00000000) refers (Special) to libinit2.o(.ARM.Collect$$libinit$$00000013) for __rt_lib_init_lc_ctype_1
    libinit.o(.ARM.Collect$$libinit$$00000000) refers (Special) to libinit2.o(.ARM.Collect$$libinit$$00000015) for __rt_lib_init_lc_monetary_1
    libinit.o(.ARM.Collect$$libinit$$00000000) refers (Special) to libinit2.o(.ARM.Collect$$libinit$$00000017) for __rt_lib_init_lc_numeric_1
    libinit.o(.ARM.Collect$$libinit$$00000000) refers (Special) to libinit2.o(.ARM.Collect$$libinit$$00000019) for __rt_lib_init_lc_time_1
    libinit.o(.ARM.Collect$$libinit$$00000000) refers (Special) to libinit2.o(.ARM.Collect$$libinit$$00000004) for __rt_lib_init_preinit_1
    libinit.o(.ARM.Collect$$libinit$$00000000) refers (Special) to libinit2.o(.ARM.Collect$$libinit$$0000000E) for __rt_lib_init_rand_1
    libinit.o(.ARM.Collect$$libinit$$00000000) refers (Special) to libinit2.o(.ARM.Collect$$libinit$$00000033) for __rt_lib_init_return
    libinit.o(.ARM.Collect$$libinit$$00000000) refers (Special) to libinit2.o(.ARM.Collect$$libinit$$0000001D) for __rt_lib_init_signal_1
    libinit.o(.ARM.Collect$$libinit$$00000000) refers (Special) to libinit2.o(.ARM.Collect$$libinit$$00000025) for __rt_lib_init_stdio_1
    libinit.o(.ARM.Collect$$libinit$$00000000) refers (Special) to libinit2.o(.ARM.Collect$$libinit$$0000000C) for __rt_lib_init_user_alloc_1
    sys_command.o(.text) refers (Special) to use_no_semi.o(.text) for __I$use$semihosting
    sys_command.o(.text) refers (Special) to indicate_semi.o(.text) for __semihosting_library_function
    libspace.o(.text) refers to libspace.o(.bss) for __libspace_start
    rtexit.o(.ARM.Collect$$rtexit$$00000000) refers (Special) to rtexit2.o(.ARM.Collect$$rtexit$$00000004) for __rt_exit_exit
    rtexit.o(.ARM.Collect$$rtexit$$00000000) refers (Special) to rtexit2.o(.ARM.Collect$$rtexit$$00000003) for __rt_exit_ls
    rtexit.o(.ARM.Collect$$rtexit$$00000000) refers (Special) to rtexit2.o(.ARM.Collect$$rtexit$$00000002) for __rt_exit_prels_1
    rtexit.o(.ARM.exidx) refers (Special) to rtexit2.o(.ARM.Collect$$rtexit$$00000004) for __rt_exit_exit
    rtexit.o(.ARM.exidx) refers (Special) to rtexit2.o(.ARM.Collect$$rtexit$$00000003) for __rt_exit_ls
    rtexit.o(.ARM.exidx) refers (Special) to rtexit2.o(.ARM.Collect$$rtexit$$00000002) for __rt_exit_prels_1
    rtexit.o(.ARM.exidx) refers to rtexit.o(.ARM.Collect$$rtexit$$00000000) for .ARM.Collect$$rtexit$$00000000
    defsig_rtmem_outer.o(.text) refers to defsig_rtmem_inner.o(.text) for __rt_SIGRTMEM_inner
    defsig_rtmem_outer.o(.text) refers to defsig_exit.o(.text) for __sig_exit
    defsig_rtmem_formal.o(.text) refers to rt_raise.o(.text) for __rt_raise
    rtexit2.o(.ARM.Collect$$rtexit$$00000003) refers to libshutdown.o(.ARM.Collect$$libshutdown$$00000000) for __rt_lib_shutdown
    rtexit2.o(.ARM.Collect$$rtexit$$00000004) refers to sys_exit.o(.text) for _sys_exit
    rtexit2.o(.ARM.exidx) refers to rtexit2.o(.ARM.Collect$$rtexit$$00000001) for .ARM.Collect$$rtexit$$00000001
    rtexit2.o(.ARM.exidx) refers to rtexit2.o(.ARM.Collect$$rtexit$$00000003) for .ARM.Collect$$rtexit$$00000003
    rtexit2.o(.ARM.exidx) refers to rtexit2.o(.ARM.Collect$$rtexit$$00000004) for .ARM.Collect$$rtexit$$00000004
    rt_raise.o(.text) refers to __raise.o(.text) for __raise
    rt_raise.o(.text) refers to sys_exit.o(.text) for _sys_exit
    defsig_exit.o(.text) refers to sys_exit.o(.text) for _sys_exit
    defsig_rtmem_inner.o(.text) refers to defsig_general.o(.text) for __default_signal_display
    sys_exit.o(.text) refers (Special) to use_no_semi.o(.text) for __I$use$semihosting
    sys_exit.o(.text) refers (Special) to indicate_semi.o(.text) for __semihosting_library_function
    __raise.o(.text) refers to defsig.o(CL$$defsig) for __default_signal_handler
    defsig_general.o(.text) refers to sys_wrch.o(.text) for _ttywrch
    libshutdown.o(.ARM.Collect$$libshutdown$$00000000) refers (Special) to libshutdown2.o(.ARM.Collect$$libshutdown$$00000002) for __rt_lib_shutdown_cpp_1
    libshutdown.o(.ARM.Collect$$libshutdown$$00000000) refers (Special) to libshutdown2.o(.ARM.Collect$$libshutdown$$00000007) for __rt_lib_shutdown_fp_trap_1
    libshutdown.o(.ARM.Collect$$libshutdown$$00000000) refers (Special) to libshutdown2.o(.ARM.Collect$$libshutdown$$0000000F) for __rt_lib_shutdown_heap_1
    libshutdown.o(.ARM.Collect$$libshutdown$$00000000) refers (Special) to libshutdown2.o(.ARM.Collect$$libshutdown$$00000010) for __rt_lib_shutdown_return
    libshutdown.o(.ARM.Collect$$libshutdown$$00000000) refers (Special) to libshutdown2.o(.ARM.Collect$$libshutdown$$0000000A) for __rt_lib_shutdown_signal_1
    libshutdown.o(.ARM.Collect$$libshutdown$$00000000) refers (Special) to libshutdown2.o(.ARM.Collect$$libshutdown$$00000004) for __rt_lib_shutdown_stdio_1
    libshutdown.o(.ARM.Collect$$libshutdown$$00000000) refers (Special) to libshutdown2.o(.ARM.Collect$$libshutdown$$0000000C) for __rt_lib_shutdown_user_alloc_1
    sys_wrch.o(.text) refers (Special) to use_no_semi.o(.text) for __I$use$semihosting
    sys_wrch.o(.text) refers (Special) to indicate_semi.o(.text) for __semihosting_library_function
    defsig.o(CL$$defsig) refers to defsig_rtmem_inner.o(.text) for __rt_SIGRTMEM_inner
    defsig_abrt_inner.o(.text) refers to defsig_general.o(.text) for __default_signal_display
    defsig_fpe_inner.o(.text) refers to defsig_general.o(.text) for __default_signal_display
    defsig_rtred_inner.o(.text) refers to defsig_general.o(.text) for __default_signal_display
    defsig_stak_inner.o(.text) refers to defsig_general.o(.text) for __default_signal_display
    defsig_pvfn_inner.o(.text) refers to defsig_general.o(.text) for __default_signal_display
    defsig_cppl_inner.o(.text) refers to defsig_general.o(.text) for __default_signal_display
    defsig_segv_inner.o(.text) refers to defsig_general.o(.text) for __default_signal_display
    defsig_other.o(.text) refers to defsig_general.o(.text) for __default_signal_display


==============================================================================

Removing Unused input sections from the image.

    Removing main.o(.ARM.exidx), (8 bytes).
    Removing dac.o(.ARM.exidx), (8 bytes).
    Removing pll.o(.ARM.exidx), (8 bytes).
    Removing random.o(.text), (64 bytes).
    Removing random.o(.ARM.exidx), (8 bytes).
    Removing random.o(.data), (4 bytes).
    Removing st7735.o(.ARM.exidx), (8 bytes).
    Removing slidepot.o(.ARM.exidx), (8 bytes).
    Removing sound.o(.ARM.exidx), (8 bytes).
    Removing timer0.o(.ARM.exidx), (8 bytes).
    Removing timer1.o(.ARM.exidx), (8 bytes).
    Removing uart.o(.ARM.exidx), (8 bytes).
    Removing fifo.o(.ARM.exidx), (8 bytes).

13 unused section(s) (total 156 bytes) removed from the image.

==============================================================================

Image Symbol Table

    Local Symbols

    Symbol Name                              Value     Ov Type        Size  Object(Section)

    RESET                                    0x00000000   Section      620  startup_tm4c123.o(RESET)
    ../clib/angel/boardlib.s                 0x00000000   Number         0  boardinit2.o ABSOLUTE
    ../clib/angel/boardlib.s                 0x00000000   Number         0  boardinit3.o ABSOLUTE
    ../clib/angel/boardlib.s                 0x00000000   Number         0  boardinit1.o ABSOLUTE
    ../clib/angel/boardlib.s                 0x00000000   Number         0  boardshut.o ABSOLUTE
    ../clib/angel/dczerorl2.s                0x00000000   Number         0  __dczerorl2.o ABSOLUTE
    ../clib/angel/handlers.s                 0x00000000   Number         0  __scatter_zi.o ABSOLUTE
    ../clib/angel/kernel.s                   0x00000000   Number         0  __rtentry4.o ABSOLUTE
    ../clib/angel/kernel.s                   0x00000000   Number         0  __rtentry2.o ABSOLUTE
    ../clib/angel/kernel.s                   0x00000000   Number         0  rtexit.o ABSOLUTE
    ../clib/angel/kernel.s                   0x00000000   Number         0  rtexit2.o ABSOLUTE
    ../clib/angel/kernel.s                   0x00000000   Number         0  __rtentry.o ABSOLUTE
    ../clib/angel/rt.s                       0x00000000   Number         0  rt_raise.o ABSOLUTE
    ../clib/angel/scatter.s                  0x00000000   Number         0  __scatter.o ABSOLUTE
    ../clib/angel/startup.s                  0x00000000   Number         0  __main.o ABSOLUTE
    ../clib/angel/sys.s                      0x00000000   Number         0  libspace.o ABSOLUTE
    ../clib/angel/sys.s                      0x00000000   Number         0  sys_stackheap_outer.o ABSOLUTE
    ../clib/angel/sys.s                      0x00000000   Number         0  use_no_semi.o ABSOLUTE
    ../clib/angel/sys.s                      0x00000000   Number         0  indicate_semi.o ABSOLUTE
    ../clib/angel/sysapp.c                   0x00000000   Number         0  sys_command.o ABSOLUTE
    ../clib/angel/sysapp.c                   0x00000000   Number         0  sys_wrch.o ABSOLUTE
    ../clib/angel/sysapp.c                   0x00000000   Number         0  sys_exit.o ABSOLUTE
    ../clib/arm_runtime.c                    0x00000000   Number         0  init_aeabi.o ABSOLUTE
    ../clib/arm_runtime.c                    0x00000000   Number         0  init_aeabi.o ABSOLUTE
    ../clib/armsys.c                         0x00000000   Number         0  argv_veneer.o ABSOLUTE
    ../clib/armsys.c                         0x00000000   Number         0  no_argv.o ABSOLUTE
    ../clib/armsys.c                         0x00000000   Number         0  _get_argv_nomalloc.o ABSOLUTE
    ../clib/armsys.c                         0x00000000   Number         0  argv_veneer.o ABSOLUTE
    ../clib/heapalloc.c                      0x00000000   Number         0  hrguard.o ABSOLUTE
    ../clib/heapaux.c                        0x00000000   Number         0  heapauxi.o ABSOLUTE
    ../clib/libinit.s                        0x00000000   Number         0  libshutdown2.o ABSOLUTE
    ../clib/libinit.s                        0x00000000   Number         0  libinit2.o ABSOLUTE
    ../clib/libinit.s                        0x00000000   Number         0  libinit.o ABSOLUTE
    ../clib/libinit.s                        0x00000000   Number         0  libshutdown.o ABSOLUTE
    ../clib/signal.c                         0x00000000   Number         0  defsig_abrt_inner.o ABSOLUTE
    ../clib/signal.c                         0x00000000   Number         0  defsig_pvfn_inner.o ABSOLUTE
    ../clib/signal.c                         0x00000000   Number         0  defsig_rtmem_formal.o ABSOLUTE
    ../clib/signal.c                         0x00000000   Number         0  defsig_cppl_inner.o ABSOLUTE
    ../clib/signal.c                         0x00000000   Number         0  defsig_segv_inner.o ABSOLUTE
    ../clib/signal.c                         0x00000000   Number         0  defsig_general.o ABSOLUTE
    ../clib/signal.c                         0x00000000   Number         0  __raise.o ABSOLUTE
    ../clib/signal.c                         0x00000000   Number         0  defsig_other.o ABSOLUTE
    ../clib/signal.c                         0x00000000   Number         0  defsig_rtmem_inner.o ABSOLUTE
    ../clib/signal.c                         0x00000000   Number         0  defsig_exit.o ABSOLUTE
    ../clib/signal.c                         0x00000000   Number         0  defsig_rtmem_outer.o ABSOLUTE
    ../clib/signal.c                         0x00000000   Number         0  defsig_rtred_inner.o ABSOLUTE
    ../clib/signal.c                         0x00000000   Number         0  defsig_fpe_inner.o ABSOLUTE
    ../clib/signal.c                         0x00000000   Number         0  defsig_stak_inner.o ABSOLUTE
    ../clib/signal.s                         0x00000000   Number         0  defsig.o ABSOLUTE
    ../clib/stdlib.c                         0x00000000   Number         0  exit.o ABSOLUTE
    ../fplib/fpinit.s                        0x00000000   Number         0  fpinit.o ABSOLUTE
    DAC.cpp                                  0x00000000   Number         0  dac.o ABSOLUTE
    FIFO.cpp                                 0x00000000   Number         0  fifo.o ABSOLUTE
    PLL.cpp                                  0x00000000   Number         0  pll.o ABSOLUTE
    ST7735.cpp                               0x00000000   Number         0  st7735.o ABSOLUTE
    SlidePot.cpp                             0x00000000   Number         0  slidepot.o ABSOLUTE
    Sound.cpp                                0x00000000   Number         0  sound.o ABSOLUTE
    Timer0.cpp                               0x00000000   Number         0  timer0.o ABSOLUTE
    Timer1.cpp                               0x00000000   Number         0  timer1.o ABSOLUTE
    UART.cpp                                 0x00000000   Number         0  uart.o ABSOLUTE
    dc.s                                     0x00000000   Number         0  dc.o ABSOLUTE
    main.cpp                                 0x00000000   Number         0  main.o ABSOLUTE
    random.cpp                               0x00000000   Number         0  random.o ABSOLUTE
    startup_TM4C123.s                        0x00000000   Number         0  startup_tm4c123.o ABSOLUTE
    !!!main                                  0x0000026c   Section        8  __main.o(!!!main)
    !!!scatter                               0x00000274   Section       52  __scatter.o(!!!scatter)
    !!dczerorl2                              0x000002a8   Section       90  __dczerorl2.o(!!dczerorl2)
    !!handler_zi                             0x00000304   Section       28  __scatter_zi.o(!!handler_zi)
    .ARM.Collect$$libinit$$00000000          0x00000320   Section        2  libinit.o(.ARM.Collect$$libinit$$00000000)
    .ARM.Collect$$libinit$$00000002          0x00000322   Section        0  libinit2.o(.ARM.Collect$$libinit$$00000002)
    .ARM.Collect$$libinit$$00000004          0x00000322   Section        0  libinit2.o(.ARM.Collect$$libinit$$00000004)
    .ARM.Collect$$libinit$$0000000A          0x00000322   Section        0  libinit2.o(.ARM.Collect$$libinit$$0000000A)
    .ARM.Collect$$libinit$$0000000C          0x00000322   Section        0  libinit2.o(.ARM.Collect$$libinit$$0000000C)
    .ARM.Collect$$libinit$$0000000E          0x00000322   Section        0  libinit2.o(.ARM.Collect$$libinit$$0000000E)
    .ARM.Collect$$libinit$$00000011          0x00000322   Section        0  libinit2.o(.ARM.Collect$$libinit$$00000011)
    .ARM.Collect$$libinit$$00000013          0x00000322   Section        0  libinit2.o(.ARM.Collect$$libinit$$00000013)
    .ARM.Collect$$libinit$$00000015          0x00000322   Section        0  libinit2.o(.ARM.Collect$$libinit$$00000015)
    .ARM.Collect$$libinit$$00000017          0x00000322   Section        0  libinit2.o(.ARM.Collect$$libinit$$00000017)
    .ARM.Collect$$libinit$$00000019          0x00000322   Section        0  libinit2.o(.ARM.Collect$$libinit$$00000019)
    .ARM.Collect$$libinit$$0000001B          0x00000322   Section        0  libinit2.o(.ARM.Collect$$libinit$$0000001B)
    .ARM.Collect$$libinit$$0000001D          0x00000322   Section        0  libinit2.o(.ARM.Collect$$libinit$$0000001D)
    .ARM.Collect$$libinit$$0000001F          0x00000322   Section        0  libinit2.o(.ARM.Collect$$libinit$$0000001F)
    .ARM.Collect$$libinit$$00000021          0x00000322   Section        0  libinit2.o(.ARM.Collect$$libinit$$00000021)
    .ARM.Collect$$libinit$$00000023          0x00000322   Section        0  libinit2.o(.ARM.Collect$$libinit$$00000023)
    .ARM.Collect$$libinit$$00000025          0x00000322   Section        0  libinit2.o(.ARM.Collect$$libinit$$00000025)
    .ARM.Collect$$libinit$$0000002C          0x00000322   Section        0  libinit2.o(.ARM.Collect$$libinit$$0000002C)
    .ARM.Collect$$libinit$$0000002E          0x00000322   Section        0  libinit2.o(.ARM.Collect$$libinit$$0000002E)
    .ARM.Collect$$libinit$$00000030          0x00000322   Section        0  libinit2.o(.ARM.Collect$$libinit$$00000030)
    .ARM.Collect$$libinit$$00000031          0x00000322   Section        4  libinit2.o(.ARM.Collect$$libinit$$00000031)
    .ARM.Collect$$libinit$$00000032          0x00000326   Section        0  libinit2.o(.ARM.Collect$$libinit$$00000032)
    .ARM.Collect$$libinit$$00000033          0x00000326   Section        2  libinit2.o(.ARM.Collect$$libinit$$00000033)
    .ARM.Collect$$libshutdown$$00000000      0x00000328   Section        2  libshutdown.o(.ARM.Collect$$libshutdown$$00000000)
    .ARM.Collect$$libshutdown$$00000002      0x0000032a   Section        0  libshutdown2.o(.ARM.Collect$$libshutdown$$00000002)
    .ARM.Collect$$libshutdown$$00000004      0x0000032a   Section        0  libshutdown2.o(.ARM.Collect$$libshutdown$$00000004)
    .ARM.Collect$$libshutdown$$00000007      0x0000032a   Section        0  libshutdown2.o(.ARM.Collect$$libshutdown$$00000007)
    .ARM.Collect$$libshutdown$$0000000A      0x0000032a   Section        0  libshutdown2.o(.ARM.Collect$$libshutdown$$0000000A)
    .ARM.Collect$$libshutdown$$0000000C      0x0000032a   Section        0  libshutdown2.o(.ARM.Collect$$libshutdown$$0000000C)
    .ARM.Collect$$libshutdown$$0000000F      0x0000032a   Section        0  libshutdown2.o(.ARM.Collect$$libshutdown$$0000000F)
    .ARM.Collect$$libshutdown$$00000010      0x0000032a   Section        2  libshutdown2.o(.ARM.Collect$$libshutdown$$00000010)
    .ARM.Collect$$rtentry$$00000000          0x0000032c   Section        0  __rtentry.o(.ARM.Collect$$rtentry$$00000000)
    .ARM.Collect$$rtentry$$00000002          0x0000032c   Section        0  __rtentry2.o(.ARM.Collect$$rtentry$$00000002)
    .ARM.Collect$$rtentry$$00000004          0x0000032c   Section        6  __rtentry4.o(.ARM.Collect$$rtentry$$00000004)
    .ARM.Collect$$rtentry$$00000009          0x00000332   Section        0  __rtentry2.o(.ARM.Collect$$rtentry$$00000009)
    .ARM.Collect$$rtentry$$0000000A          0x00000332   Section        4  __rtentry2.o(.ARM.Collect$$rtentry$$0000000A)
    .ARM.Collect$$rtentry$$0000000C          0x00000336   Section        0  __rtentry2.o(.ARM.Collect$$rtentry$$0000000C)
    .ARM.Collect$$rtentry$$0000000D          0x00000336   Section        8  __rtentry2.o(.ARM.Collect$$rtentry$$0000000D)
    .ARM.Collect$$rtexit$$00000000           0x0000033e   Section        2  rtexit.o(.ARM.Collect$$rtexit$$00000000)
    .ARM.Collect$$rtexit$$00000002           0x00000340   Section        0  rtexit2.o(.ARM.Collect$$rtexit$$00000002)
    .ARM.Collect$$rtexit$$00000003           0x00000340   Section        4  rtexit2.o(.ARM.Collect$$rtexit$$00000003)
    .ARM.Collect$$rtexit$$00000004           0x00000344   Section        6  rtexit2.o(.ARM.Collect$$rtexit$$00000004)
    .text                                    0x0000034c   Section      296  startup_tm4c123.o(.text)
    .text                                    0x00000474   Section        0  main.o(.text)
    __sti___8_main_cpp_my                    0x00001711   Thumb Code    14  main.o(.text)
    .text                                    0x00001754   Section        0  dac.o(.text)
    .text                                    0x000017a8   Section        0  pll.o(.text)
    .text                                    0x00001824   Section        0  st7735.o(.text)
    writecommand(unsigned char)              0x00001825   Thumb Code    46  st7735.o(.text)
    writedata(unsigned char)                 0x00001853   Thumb Code    26  st7735.o(.text)
    deselect()                               0x0000186d   Thumb Code    24  st7735.o(.text)
    commandList(const unsigned char*)        0x000018a5   Thumb Code    86  st7735.o(.text)
    commonInit(const unsigned char*)         0x000018fb   Thumb Code   342  st7735.o(.text)
    setAddrWindow(unsigned char, unsigned char, unsigned char, unsigned char) 0x00001a51   Thumb Code   106  st7735.o(.text)
    pushColor(unsigned short)                0x00001c71   Thumb Code    18  st7735.o(.text)
    .text                                    0x000028d4   Section        0  slidepot.o(.text)
    .text                                    0x00002a34   Section        0  sound.o(.text)
    .text                                    0x00002b44   Section        0  timer0.o(.text)
    .text                                    0x00002bb4   Section        0  timer1.o(.text)
    .text                                    0x00002c24   Section        0  uart.o(.text)
    __sti___8_UART_cpp_RxFifo                0x00002c73   Thumb Code    10  uart.o(.text)
    .text                                    0x00002c80   Section        0  fifo.o(.text)
    .text                                    0x00002d48   Section        0  heapauxi.o(.text)
    .text                                    0x00002d50   Section        0  init_aeabi.o(.text)
    .text                                    0x00002d74   Section       74  sys_stackheap_outer.o(.text)
    .text                                    0x00002dbe   Section        0  exit.o(.text)
    .text                                    0x00002dd0   Section        8  libspace.o(.text)
    .text                                    0x00002dd8   Section        2  use_no_semi.o(.text)
    .text                                    0x00002dda   Section        0  indicate_semi.o(.text)
    .text                                    0x00002ddc   Section        0  sys_exit.o(.text)
    .constdata                               0x00002de8   Section    18688  main.o(.constdata)
    BattleShip                               0x00002de8   Data         512  main.o(.constdata)
    mainfill                                 0x00002fe8   Data         512  main.o(.constdata)
    Cruiser                                  0x000031e8   Data         384  main.o(.constdata)
    Submarine                                0x00003368   Data         384  main.o(.constdata)
    enemyfill                                0x000034e8   Data         384  main.o(.constdata)
    Bullet                                   0x00003668   Data          16  main.o(.constdata)
    projfill                                 0x00003678   Data          16  main.o(.constdata)
    StartScreen                              0x00003688   Data       16384  main.o(.constdata)
    .constdata                               0x000076e8   Section     2114  st7735.o(.constdata)
    Font                                     0x000076e8   Data        1275  st7735.o(.constdata)
    Bcmd                                     0x00007be3   Data         103  st7735.o(.constdata)
    Rcmd1                                    0x00007c4a   Data          59  st7735.o(.constdata)
    Rcmd2green                               0x00007c85   Data          13  st7735.o(.constdata)
    Rcmd2red                                 0x00007c92   Data          13  st7735.o(.constdata)
    Rcmd3                                    0x00007c9f   Data          43  st7735.o(.constdata)
    smallCircle                              0x00007cca   Data          36  st7735.o(.constdata)
    circle                                   0x00007cee   Data          60  st7735.o(.constdata)
    dBfs                                     0x00007d2a   Data         512  st7735.o(.constdata)
    .constdata                               0x00007f2a   Section    54087  sound.o(.constdata)
    intro                                    0x00007f2a   Data       11015  sound.o(.constdata)
    shoot1                                   0x0000aa31   Data        2006  sound.o(.constdata)
    explosion                                0x0000b207   Data        7370  sound.o(.constdata)
    bgm                                      0x0000ced1   Data       33696  sound.o(.constdata)
    .init_array                              0x00015294   Section        4  main.o(.init_array)
    .init_array                              0x00015298   Section        4  uart.o(.init_array)
    .init_array                              0x0001529c   Section        0  init_aeabi.o(.init_array)
    .data                                    0x20000000   Section      536  main.o(.data)
    .data                                    0x20000218   Section       44  st7735.o(.data)
    ColStart                                 0x20000222   Data           1  st7735.o(.data)
    RowStart                                 0x20000223   Data           1  st7735.o(.data)
    Rotation                                 0x20000224   Data           1  st7735.o(.data)
    TabColor                                 0x20000225   Data           1  st7735.o(.data)
    _width                                   0x20000226   Data           2  st7735.o(.data)
    _height                                  0x20000228   Data           2  st7735.o(.data)
    .data                                    0x20000244   Section       28  sound.o(.data)
    .data                                    0x20000260   Section        4  timer0.o(.data)
    .data                                    0x20000264   Section        4  timer1.o(.data)
    .bss                                     0x20000268   Section     4820  main.o(.bss)
    .bss                                     0x2000153c   Section       12  st7735.o(.bss)
    .bss                                     0x20001548   Section       40  uart.o(.bss)
    .bss                                     0x20001570   Section       96  libspace.o(.bss)
    HEAP                                     0x200015d0   Section     1024  startup_tm4c123.o(HEAP)
    Heap_Mem                                 0x200015d0   Data        1024  startup_tm4c123.o(HEAP)
    STACK                                    0x200019d0   Section     1024  startup_tm4c123.o(STACK)
    Stack_Mem                                0x200019d0   Data        1024  startup_tm4c123.o(STACK)
    __initial_sp                             0x20001dd0   Data           0  startup_tm4c123.o(STACK)

    Global Symbols

    Symbol Name                              Value     Ov Type        Size  Object(Section)

    BuildAttributes$$THM_ISAv4$E$P$D$K$B$S$7EM$PE$A:L22UL41UL21$X:L11$S22US41US21$IEEE1$IW$USESV6$~STKCKD$USESV7$~SHL$OSPACE$ROPI$EBA8$UX$STANDARDLIB$REQ8$PRES8$EABIv2 0x00000000   Number         0  anon$$obj.o ABSOLUTE
    __ARM_use_no_argv                        0x00000000   Number         0  main.o ABSOLUTE
    __Vectors                                0x00000000   Data           4  startup_tm4c123.o(RESET)
    __ARM_exceptions_init                     - Undefined Weak Reference
    __alloca_initialize                       - Undefined Weak Reference
    __arm_preinit_                            - Undefined Weak Reference
    __cxa_finalize                            - Undefined Weak Reference
    __rt_locale                               - Undefined Weak Reference
    __sigvec_lookup                           - Undefined Weak Reference
    _atexit_init                              - Undefined Weak Reference
    _call_atexit_fns                          - Undefined Weak Reference
    _clock_init                               - Undefined Weak Reference
    _fp_trap_init                             - Undefined Weak Reference
    _fp_trap_shutdown                         - Undefined Weak Reference
    _get_lc_collate                           - Undefined Weak Reference
    _get_lc_ctype                             - Undefined Weak Reference
    _get_lc_monetary                          - Undefined Weak Reference
    _get_lc_numeric                           - Undefined Weak Reference
    _get_lc_time                              - Undefined Weak Reference
    _getenv_init                              - Undefined Weak Reference
    _handle_redirection                       - Undefined Weak Reference
    _init_alloc                               - Undefined Weak Reference
    _init_user_alloc                          - Undefined Weak Reference
    _initio                                   - Undefined Weak Reference
    _rand_init                                - Undefined Weak Reference
    _signal_finish                            - Undefined Weak Reference
    _signal_init                              - Undefined Weak Reference
    _terminate_alloc                          - Undefined Weak Reference
    _terminate_user_alloc                     - Undefined Weak Reference
    _terminateio                              - Undefined Weak Reference
    __Vectors_End                            0x0000026c   Data           0  startup_tm4c123.o(RESET)
    __Vectors_Size                           0x0000026c   Number         0  startup_tm4c123.o ABSOLUTE
    __main                                   0x0000026d   Thumb Code     8  __main.o(!!!main)
    __scatterload                            0x00000275   Thumb Code     0  __scatter.o(!!!scatter)
    __scatterload_rt2                        0x00000275   Thumb Code    44  __scatter.o(!!!scatter)
    __scatterload_rt2_thumb_only             0x00000275   Thumb Code     0  __scatter.o(!!!scatter)
    __scatterload_null                       0x00000283   Thumb Code     0  __scatter.o(!!!scatter)
    __decompress                             0x000002a9   Thumb Code    90  __dczerorl2.o(!!dczerorl2)
    __decompress1                            0x000002a9   Thumb Code     0  __dczerorl2.o(!!dczerorl2)
    __scatterload_zeroinit                   0x00000305   Thumb Code    28  __scatter_zi.o(!!handler_zi)
    __rt_lib_init                            0x00000321   Thumb Code     0  libinit.o(.ARM.Collect$$libinit$$00000000)
    __rt_lib_init_alloca_1                   0x00000323   Thumb Code     0  libinit2.o(.ARM.Collect$$libinit$$0000002E)
    __rt_lib_init_argv_1                     0x00000323   Thumb Code     0  libinit2.o(.ARM.Collect$$libinit$$0000002C)
    __rt_lib_init_atexit_1                   0x00000323   Thumb Code     0  libinit2.o(.ARM.Collect$$libinit$$0000001B)
    __rt_lib_init_clock_1                    0x00000323   Thumb Code     0  libinit2.o(.ARM.Collect$$libinit$$00000021)
    __rt_lib_init_cpp_2                      0x00000323   Thumb Code     0  libinit2.o(.ARM.Collect$$libinit$$00000031)
    __rt_lib_init_exceptions_1               0x00000323   Thumb Code     0  libinit2.o(.ARM.Collect$$libinit$$00000030)
    __rt_lib_init_fp_1                       0x00000323   Thumb Code     0  libinit2.o(.ARM.Collect$$libinit$$00000002)
    __rt_lib_init_fp_trap_1                  0x00000323   Thumb Code     0  libinit2.o(.ARM.Collect$$libinit$$0000001F)
    __rt_lib_init_getenv_1                   0x00000323   Thumb Code     0  libinit2.o(.ARM.Collect$$libinit$$00000023)
    __rt_lib_init_heap_1                     0x00000323   Thumb Code     0  libinit2.o(.ARM.Collect$$libinit$$0000000A)
    __rt_lib_init_lc_collate_1               0x00000323   Thumb Code     0  libinit2.o(.ARM.Collect$$libinit$$00000011)
    __rt_lib_init_lc_ctype_1                 0x00000323   Thumb Code     0  libinit2.o(.ARM.Collect$$libinit$$00000013)
    __rt_lib_init_lc_monetary_1              0x00000323   Thumb Code     0  libinit2.o(.ARM.Collect$$libinit$$00000015)
    __rt_lib_init_lc_numeric_1               0x00000323   Thumb Code     0  libinit2.o(.ARM.Collect$$libinit$$00000017)
    __rt_lib_init_lc_time_1                  0x00000323   Thumb Code     0  libinit2.o(.ARM.Collect$$libinit$$00000019)
    __rt_lib_init_preinit_1                  0x00000323   Thumb Code     0  libinit2.o(.ARM.Collect$$libinit$$00000004)
    __rt_lib_init_rand_1                     0x00000323   Thumb Code     0  libinit2.o(.ARM.Collect$$libinit$$0000000E)
    __rt_lib_init_signal_1                   0x00000323   Thumb Code     0  libinit2.o(.ARM.Collect$$libinit$$0000001D)
    __rt_lib_init_stdio_1                    0x00000323   Thumb Code     0  libinit2.o(.ARM.Collect$$libinit$$00000025)
    __rt_lib_init_user_alloc_1               0x00000323   Thumb Code     0  libinit2.o(.ARM.Collect$$libinit$$0000000C)
    __rt_lib_init_cpp_1                      0x00000327   Thumb Code     0  libinit2.o(.ARM.Collect$$libinit$$00000032)
    __rt_lib_init_return                     0x00000327   Thumb Code     0  libinit2.o(.ARM.Collect$$libinit$$00000033)
    __rt_lib_shutdown                        0x00000329   Thumb Code     0  libshutdown.o(.ARM.Collect$$libshutdown$$00000000)
    __rt_lib_shutdown_cpp_1                  0x0000032b   Thumb Code     0  libshutdown2.o(.ARM.Collect$$libshutdown$$00000002)
    __rt_lib_shutdown_fp_trap_1              0x0000032b   Thumb Code     0  libshutdown2.o(.ARM.Collect$$libshutdown$$00000007)
    __rt_lib_shutdown_heap_1                 0x0000032b   Thumb Code     0  libshutdown2.o(.ARM.Collect$$libshutdown$$0000000F)
    __rt_lib_shutdown_return                 0x0000032b   Thumb Code     0  libshutdown2.o(.ARM.Collect$$libshutdown$$00000010)
    __rt_lib_shutdown_signal_1               0x0000032b   Thumb Code     0  libshutdown2.o(.ARM.Collect$$libshutdown$$0000000A)
    __rt_lib_shutdown_stdio_1                0x0000032b   Thumb Code     0  libshutdown2.o(.ARM.Collect$$libshutdown$$00000004)
    __rt_lib_shutdown_user_alloc_1           0x0000032b   Thumb Code     0  libshutdown2.o(.ARM.Collect$$libshutdown$$0000000C)
    __rt_entry                               0x0000032d   Thumb Code     0  __rtentry.o(.ARM.Collect$$rtentry$$00000000)
    __rt_entry_presh_1                       0x0000032d   Thumb Code     0  __rtentry2.o(.ARM.Collect$$rtentry$$00000002)
    __rt_entry_sh                            0x0000032d   Thumb Code     0  __rtentry4.o(.ARM.Collect$$rtentry$$00000004)
    __rt_entry_li                            0x00000333   Thumb Code     0  __rtentry2.o(.ARM.Collect$$rtentry$$0000000A)
    __rt_entry_postsh_1                      0x00000333   Thumb Code     0  __rtentry2.o(.ARM.Collect$$rtentry$$00000009)
    __rt_entry_main                          0x00000337   Thumb Code     0  __rtentry2.o(.ARM.Collect$$rtentry$$0000000D)
    __rt_entry_postli_1                      0x00000337   Thumb Code     0  __rtentry2.o(.ARM.Collect$$rtentry$$0000000C)
    __rt_exit                                0x0000033f   Thumb Code     0  rtexit.o(.ARM.Collect$$rtexit$$00000000)
    __rt_exit_ls                             0x00000341   Thumb Code     0  rtexit2.o(.ARM.Collect$$rtexit$$00000003)
    __rt_exit_prels_1                        0x00000341   Thumb Code     0  rtexit2.o(.ARM.Collect$$rtexit$$00000002)
    __rt_exit_exit                           0x00000345   Thumb Code     0  rtexit2.o(.ARM.Collect$$rtexit$$00000004)
    Reset_Handler                            0x0000034d   Thumb Code     4  startup_tm4c123.o(.text)
    DisableInterrupts                        0x00000351   Thumb Code     4  startup_tm4c123.o(.text)
    EnableInterrupts                         0x00000355   Thumb Code     4  startup_tm4c123.o(.text)
    StartCritical                            0x00000359   Thumb Code     8  startup_tm4c123.o(.text)
    EndCritical                              0x00000361   Thumb Code     6  startup_tm4c123.o(.text)
    WaitForInterrupt                         0x00000367   Thumb Code     4  startup_tm4c123.o(.text)
    NMI_Handler                              0x0000036b   Thumb Code     2  startup_tm4c123.o(.text)
    HardFault_Handler                        0x0000036d   Thumb Code     2  startup_tm4c123.o(.text)
    MemManage_Handler                        0x0000036f   Thumb Code     2  startup_tm4c123.o(.text)
    BusFault_Handler                         0x00000371   Thumb Code     2  startup_tm4c123.o(.text)
    UsageFault_Handler                       0x00000373   Thumb Code     2  startup_tm4c123.o(.text)
    SVC_Handler                              0x00000375   Thumb Code     2  startup_tm4c123.o(.text)
    DebugMon_Handler                         0x00000377   Thumb Code     2  startup_tm4c123.o(.text)
    PendSV_Handler                           0x00000379   Thumb Code     2  startup_tm4c123.o(.text)
    GPIOA_Handler                            0x0000037d   Thumb Code     2  startup_tm4c123.o(.text)
    GPIOB_Handler                            0x0000037f   Thumb Code     2  startup_tm4c123.o(.text)
    GPIOC_Handler                            0x00000381   Thumb Code     2  startup_tm4c123.o(.text)
    GPIOD_Handler                            0x00000383   Thumb Code     2  startup_tm4c123.o(.text)
    GPIOE_Handler                            0x00000385   Thumb Code     2  startup_tm4c123.o(.text)
    UART0_Handler                            0x00000387   Thumb Code     2  startup_tm4c123.o(.text)
    SSI0_Handler                             0x0000038b   Thumb Code     2  startup_tm4c123.o(.text)
    I2C0_Handler                             0x0000038d   Thumb Code     2  startup_tm4c123.o(.text)
    PMW0_FAULT_Handler                       0x0000038f   Thumb Code     2  startup_tm4c123.o(.text)
    PWM0_0_Handler                           0x00000391   Thumb Code     2  startup_tm4c123.o(.text)
    PWM0_1_Handler                           0x00000393   Thumb Code     2  startup_tm4c123.o(.text)
    PWM0_2_Handler                           0x00000395   Thumb Code     2  startup_tm4c123.o(.text)
    QEI0_Handler                             0x00000397   Thumb Code     2  startup_tm4c123.o(.text)
    ADC0SS0_Handler                          0x00000399   Thumb Code     2  startup_tm4c123.o(.text)
    ADC0SS1_Handler                          0x0000039b   Thumb Code     2  startup_tm4c123.o(.text)
    ADC0SS2_Handler                          0x0000039d   Thumb Code     2  startup_tm4c123.o(.text)
    ADC0SS3_Handler                          0x0000039f   Thumb Code     2  startup_tm4c123.o(.text)
    WDT0_Handler                             0x000003a1   Thumb Code     2  startup_tm4c123.o(.text)
    TIMER0B_Handler                          0x000003a5   Thumb Code     2  startup_tm4c123.o(.text)
    TIMER1B_Handler                          0x000003a9   Thumb Code     2  startup_tm4c123.o(.text)
    TIMER2A_Handler                          0x000003ab   Thumb Code     2  startup_tm4c123.o(.text)
    TIMER2B_Handler                          0x000003ad   Thumb Code     2  startup_tm4c123.o(.text)
    COMP0_Handler                            0x000003af   Thumb Code     2  startup_tm4c123.o(.text)
    COMP1_Handler                            0x000003b1   Thumb Code     2  startup_tm4c123.o(.text)
    COMP2_Handler                            0x000003b3   Thumb Code     2  startup_tm4c123.o(.text)
    SYSCTL_Handler                           0x000003b5   Thumb Code     2  startup_tm4c123.o(.text)
    FLASH_Handler                            0x000003b7   Thumb Code     2  startup_tm4c123.o(.text)
    GPIOF_Handler                            0x000003b9   Thumb Code     2  startup_tm4c123.o(.text)
    GPIOG_Handler                            0x000003bb   Thumb Code     2  startup_tm4c123.o(.text)
    GPIOH_Handler                            0x000003bd   Thumb Code     2  startup_tm4c123.o(.text)
    UART2_Handler                            0x000003bf   Thumb Code     2  startup_tm4c123.o(.text)
    SSI1_Handler                             0x000003c1   Thumb Code     2  startup_tm4c123.o(.text)
    TIMER3A_Handler                          0x000003c3   Thumb Code     2  startup_tm4c123.o(.text)
    TIMER3B_Handler                          0x000003c5   Thumb Code     2  startup_tm4c123.o(.text)
    I2C1_Handler                             0x000003c7   Thumb Code     2  startup_tm4c123.o(.text)
    QEI1_Handler                             0x000003c9   Thumb Code     2  startup_tm4c123.o(.text)
    CAN0_Handler                             0x000003cb   Thumb Code     2  startup_tm4c123.o(.text)
    CAN1_Handler                             0x000003cd   Thumb Code     2  startup_tm4c123.o(.text)
    CAN2_Handler                             0x000003cf   Thumb Code     2  startup_tm4c123.o(.text)
    HIB_Handler                              0x000003d1   Thumb Code     2  startup_tm4c123.o(.text)
    USB0_Handler                             0x000003d3   Thumb Code     2  startup_tm4c123.o(.text)
    PWM0_3_Handler                           0x000003d5   Thumb Code     2  startup_tm4c123.o(.text)
    UDMA_Handler                             0x000003d7   Thumb Code     2  startup_tm4c123.o(.text)
    UDMAERR_Handler                          0x000003d9   Thumb Code     2  startup_tm4c123.o(.text)
    ADC1SS0_Handler                          0x000003db   Thumb Code     2  startup_tm4c123.o(.text)
    ADC1SS1_Handler                          0x000003dd   Thumb Code     2  startup_tm4c123.o(.text)
    ADC1SS2_Handler                          0x000003df   Thumb Code     2  startup_tm4c123.o(.text)
    ADC1SS3_Handler                          0x000003e1   Thumb Code     2  startup_tm4c123.o(.text)
    GPIOJ_Handler                            0x000003e3   Thumb Code     2  startup_tm4c123.o(.text)
    GPIOK_Handler                            0x000003e5   Thumb Code     2  startup_tm4c123.o(.text)
    GPIOL_Handler                            0x000003e7   Thumb Code     2  startup_tm4c123.o(.text)
    SSI2_Handler                             0x000003e9   Thumb Code     2  startup_tm4c123.o(.text)
    SSI3_Handler                             0x000003eb   Thumb Code     2  startup_tm4c123.o(.text)
    UART3_Handler                            0x000003ed   Thumb Code     2  startup_tm4c123.o(.text)
    UART4_Handler                            0x000003ef   Thumb Code     2  startup_tm4c123.o(.text)
    UART5_Handler                            0x000003f1   Thumb Code     2  startup_tm4c123.o(.text)
    UART6_Handler                            0x000003f3   Thumb Code     2  startup_tm4c123.o(.text)
    UART7_Handler                            0x000003f5   Thumb Code     2  startup_tm4c123.o(.text)
    I2C2_Handler                             0x000003f7   Thumb Code     2  startup_tm4c123.o(.text)
    I2C3_Handler                             0x000003f9   Thumb Code     2  startup_tm4c123.o(.text)
    TIMER4A_Handler                          0x000003fb   Thumb Code     2  startup_tm4c123.o(.text)
    TIMER4B_Handler                          0x000003fd   Thumb Code     2  startup_tm4c123.o(.text)
    TIMER5A_Handler                          0x000003ff   Thumb Code     2  startup_tm4c123.o(.text)
    TIMER5B_Handler                          0x00000401   Thumb Code     2  startup_tm4c123.o(.text)
    WTIMER0A_Handler                         0x00000403   Thumb Code     2  startup_tm4c123.o(.text)
    WTIMER0B_Handler                         0x00000405   Thumb Code     2  startup_tm4c123.o(.text)
    WTIMER1A_Handler                         0x00000407   Thumb Code     2  startup_tm4c123.o(.text)
    WTIMER1B_Handler                         0x00000409   Thumb Code     2  startup_tm4c123.o(.text)
    WTIMER2A_Handler                         0x0000040b   Thumb Code     2  startup_tm4c123.o(.text)
    WTIMER2B_Handler                         0x0000040d   Thumb Code     2  startup_tm4c123.o(.text)
    WTIMER3A_Handler                         0x0000040f   Thumb Code     2  startup_tm4c123.o(.text)
    WTIMER3B_Handler                         0x00000411   Thumb Code     2  startup_tm4c123.o(.text)
    WTIMER4A_Handler                         0x00000413   Thumb Code     2  startup_tm4c123.o(.text)
    WTIMER4B_Handler                         0x00000415   Thumb Code     2  startup_tm4c123.o(.text)
    WTIMER5A_Handler                         0x00000417   Thumb Code     2  startup_tm4c123.o(.text)
    WTIMER5B_Handler                         0x00000419   Thumb Code     2  startup_tm4c123.o(.text)
    FPU_Handler                              0x0000041b   Thumb Code     2  startup_tm4c123.o(.text)
    I2C4_Handler                             0x0000041d   Thumb Code     2  startup_tm4c123.o(.text)
    I2C5_Handler                             0x0000041f   Thumb Code     2  startup_tm4c123.o(.text)
    GPIOM_Handler                            0x00000421   Thumb Code     2  startup_tm4c123.o(.text)
    GPION_Handler                            0x00000423   Thumb Code     2  startup_tm4c123.o(.text)
    QEI2_Handler                             0x00000425   Thumb Code     2  startup_tm4c123.o(.text)
    GPIOP0_Handler                           0x00000427   Thumb Code     2  startup_tm4c123.o(.text)
    GPIOP1_Handler                           0x00000429   Thumb Code     2  startup_tm4c123.o(.text)
    GPIOP2_Handler                           0x0000042b   Thumb Code     2  startup_tm4c123.o(.text)
    GPIOP3_Handler                           0x0000042d   Thumb Code     2  startup_tm4c123.o(.text)
    GPIOP4_Handler                           0x0000042f   Thumb Code     2  startup_tm4c123.o(.text)
    GPIOP5_Handler                           0x00000431   Thumb Code     2  startup_tm4c123.o(.text)
    GPIOP6_Handler                           0x00000433   Thumb Code     2  startup_tm4c123.o(.text)
    GPIOP7_Handler                           0x00000435   Thumb Code     2  startup_tm4c123.o(.text)
    GPIOQ0_Handler                           0x00000437   Thumb Code     2  startup_tm4c123.o(.text)
    GPIOQ1_Handler                           0x00000439   Thumb Code     2  startup_tm4c123.o(.text)
    GPIOQ2_Handler                           0x0000043b   Thumb Code     2  startup_tm4c123.o(.text)
    GPIOQ3_Handler                           0x0000043d   Thumb Code     2  startup_tm4c123.o(.text)
    GPIOQ4_Handler                           0x0000043f   Thumb Code     2  startup_tm4c123.o(.text)
    GPIOQ5_Handler                           0x00000441   Thumb Code     2  startup_tm4c123.o(.text)
    GPIOQ6_Handler                           0x00000443   Thumb Code     2  startup_tm4c123.o(.text)
    GPIOQ7_Handler                           0x00000445   Thumb Code     2  startup_tm4c123.o(.text)
    GPIOR_Handler                            0x00000447   Thumb Code     2  startup_tm4c123.o(.text)
    GPIOS_Handler                            0x00000449   Thumb Code     2  startup_tm4c123.o(.text)
    PMW1_0_Handler                           0x0000044b   Thumb Code     2  startup_tm4c123.o(.text)
    PWM1_1_Handler                           0x0000044d   Thumb Code     2  startup_tm4c123.o(.text)
    PWM1_2_Handler                           0x0000044f   Thumb Code     2  startup_tm4c123.o(.text)
    PWM1_3_Handler                           0x00000451   Thumb Code     2  startup_tm4c123.o(.text)
    PWM1_FAULT_Handler                       0x00000453   Thumb Code     2  startup_tm4c123.o(.text)
    __user_initial_stackheap                 0x00000455   Thumb Code     0  startup_tm4c123.o(.text)
    slide()                                  0x00000475   Thumb Code    76  main.o(.text)
    background1()                            0x000004c1   Thumb Code   686  main.o(.text)
    background2()                            0x0000076f   Thumb Code   748  main.o(.text)
    background3()                            0x00000a5b   Thumb Code   748  main.o(.text)
    SysTick_Handler                          0x00000d47   Thumb Code    10  main.o(.text)
    PortE_Init()                             0x00000d51   Thumb Code    42  main.o(.text)
    PortF_Init()                             0x00000d7b   Thumb Code    40  main.o(.text)
    Game_Over()                              0x00000da3   Thumb Code    24  main.o(.text)
    Win()                                    0x00000dbb   Thumb Code    24  main.o(.text)
    main                                     0x00000dd3   Thumb Code  2366  main.o(.text)
    DAC_Init()                               0x00001755   Thumb Code    44  dac.o(.text)
    DAC_Out(unsigned)                        0x00001781   Thumb Code    22  dac.o(.text)
    PLL_Init(unsigned)                       0x000017a9   Thumb Code   120  pll.o(.text)
    Delay1ms(unsigned)                       0x00001885   Thumb Code    32  st7735.o(.text)
    ST7735_FillRect(short, short, short, short, unsigned short) 0x00001abb   Thumb Code   168  st7735.o(.text)
    ST7735_FillScreen(unsigned short)        0x00001b63   Thumb Code    28  st7735.o(.text)
    ST7735_SetCursor(unsigned, unsigned)     0x00001b7f   Thumb Code    22  st7735.o(.text)
    ST7735_InitB()                           0x00001b95   Thumb Code    32  st7735.o(.text)
    ST7735_InitR(initRFlags)                 0x00001bb5   Thumb Code   188  st7735.o(.text)
    ST7735_DrawPixel(short, short, unsigned short) 0x00001c83   Thumb Code    68  st7735.o(.text)
    ST7735_DrawFastVLine(short, short, short, unsigned short) 0x00001cc7   Thumb Code   120  st7735.o(.text)
    ST7735_DrawFastHLine(short, short, short, unsigned short) 0x00001d3f   Thumb Code   120  st7735.o(.text)
    ST7735_DrawSmallCircle(short, short, unsigned short) 0x00001db7   Thumb Code   158  st7735.o(.text)
    ST7735_DrawCircle(short, short, unsigned short) 0x00001e55   Thumb Code   158  st7735.o(.text)
    ST7735_Color565(unsigned char, unsigned char, unsigned char) 0x00001ef3   Thumb Code    24  st7735.o(.text)
    ST7735_SwapColor(unsigned short)         0x00001f0b   Thumb Code    18  st7735.o(.text)
    ST7735_DrawBitmap(short, short, const unsigned short*, short, short) 0x00001f1d   Thumb Code   284  st7735.o(.text)
    ST7735_DrawCharS(short, short, char, short, short, unsigned char) 0x00002039   Thumb Code   252  st7735.o(.text)
    ST7735_DrawChar(short, short, char, short, short, unsigned char) 0x00002135   Thumb Code   264  st7735.o(.text)
    ST7735_DrawString(unsigned short, unsigned short, char*, short) 0x0000223d   Thumb Code    84  st7735.o(.text)
    fillmessage(unsigned)                    0x00002291   Thumb Code    64  st7735.o(.text)
    ST7735_OutUDec(unsigned)                 0x000022d1   Thumb Code   118  st7735.o(.text)
    ST7735_SetRotation(unsigned char)        0x00002347   Thumb Code   200  st7735.o(.text)
    ST7735_InvertDisplay(int)                0x0000240f   Thumb Code    26  st7735.o(.text)
    ST7735_PlotClear(int, int)               0x00002429   Thumb Code    74  st7735.o(.text)
    ST7735_PlotPoint(int)                    0x00002473   Thumb Code   196  st7735.o(.text)
    ST7735_PlotLine(int)                     0x00002537   Thumb Code   242  st7735.o(.text)
    ST7735_PlotPoints(int, int)              0x00002629   Thumb Code   154  st7735.o(.text)
    ST7735_PlotBar(int)                      0x000026c3   Thumb Code    72  st7735.o(.text)
    ST7735_PlotdBfs(int)                     0x0000270b   Thumb Code    52  st7735.o(.text)
    ST7735_PlotNext()                        0x0000273f   Thumb Code    28  st7735.o(.text)
    ST7735_PlotNextErase()                   0x0000275b   Thumb Code    58  st7735.o(.text)
    ST7735_OutChar                           0x00002795   Thumb Code   176  st7735.o(.text)
    ST7735_OutString                         0x00002845   Thumb Code    22  st7735.o(.text)
    ST7735_SetTextColor(unsigned short)      0x0000285b   Thumb Code     6  st7735.o(.text)
    Output_Init()                            0x00002861   Thumb Code    16  st7735.o(.text)
    Output_Clear()                           0x00002871   Thumb Code    10  st7735.o(.text)
    Output_Off()                             0x0000287b   Thumb Code     8  st7735.o(.text)
    Output_On()                              0x00002883   Thumb Code     8  st7735.o(.text)
    Output_Color(unsigned)                   0x0000288b   Thumb Code    12  st7735.o(.text)
    ADC_Init()                               0x000028d5   Thumb Code   206  slidepot.o(.text)
    ADC_In()                                 0x000029a3   Thumb Code    38  slidepot.o(.text)
    SlidePot::SlidePot(unsigned, unsigned)   0x000029c9   Thumb Code     6  slidepot.o(.text)
    SlidePot::SlidePot__sub_object(unsigned, unsigned) 0x000029c9   Thumb Code     0  slidepot.o(.text)
    SlidePot::Convert(unsigned)              0x000029cf   Thumb Code    16  slidepot.o(.text)
    SlidePot::Save(unsigned)                 0x000029df   Thumb Code    24  slidepot.o(.text)
    SlidePot::Sync()                         0x000029f7   Thumb Code    14  slidepot.o(.text)
    SlidePot::ADCsample()                    0x00002a05   Thumb Code     6  slidepot.o(.text)
    SlidePot::Distance()                     0x00002a0b   Thumb Code    16  slidepot.o(.text)
    Sound_Init(void(*)(), unsigned)          0x00002a35   Thumb Code    36  sound.o(.text)
    Play_Intro()                             0x00002a59   Thumb Code    44  sound.o(.text)
    Play_Music()                             0x00002a85   Thumb Code    44  sound.o(.text)
    Play_Bullet()                            0x00002ab1   Thumb Code    52  sound.o(.text)
    Play_Explosion()                         0x00002ae5   Thumb Code    52  sound.o(.text)
    Timer0_Init(void(*)(), unsigned)         0x00002b45   Thumb Code    74  timer0.o(.text)
    TIMER0A_Handler                          0x00002b8f   Thumb Code    16  timer0.o(.text)
    Timer1_Init(void(*)(), unsigned)         0x00002bb5   Thumb Code    74  timer1.o(.text)
    TIMER1A_Handler                          0x00002bff   Thumb Code    16  timer1.o(.text)
    UART_Init()                              0x00002c25   Thumb Code     2  uart.o(.text)
    UART_InChar()                            0x00002c27   Thumb Code     2  uart.o(.text)
    UART_InStatus()                          0x00002c29   Thumb Code     4  uart.o(.text)
    UART_OutChar(char)                       0x00002c2d   Thumb Code     2  uart.o(.text)
    UART1_Handler                            0x00002c2f   Thumb Code     2  uart.o(.text)
    UART_OutString(char*)                    0x00002c31   Thumb Code    22  uart.o(.text)
    UART_OutUDec(unsigned)                   0x00002c47   Thumb Code    42  uart.o(.text)
    UART_InMessage(char*)                    0x00002c71   Thumb Code     2  uart.o(.text)
    Queue::Queue()                           0x00002c81   Thumb Code     8  fifo.o(.text)
    Queue::Queue__sub_object()               0x00002c81   Thumb Code     0  fifo.o(.text)
    Queue::IsEmpty()                         0x00002c89   Thumb Code    18  fifo.o(.text)
    Queue::IsFull()                          0x00002c9b   Thumb Code    32  fifo.o(.text)
    Queue::Put(char)                         0x00002cbb   Thumb Code    46  fifo.o(.text)
    Queue::Get(char*)                        0x00002ce9   Thumb Code    48  fifo.o(.text)
    Queue::Print()                           0x00002d19   Thumb Code    48  fifo.o(.text)
    __use_two_region_memory                  0x00002d49   Thumb Code     2  heapauxi.o(.text)
    __rt_heap_escrow$2region                 0x00002d4b   Thumb Code     2  heapauxi.o(.text)
    __rt_heap_expand$2region                 0x00002d4d   Thumb Code     2  heapauxi.o(.text)
    __cpp_initialize__aeabi_                 0x00002d51   Thumb Code    26  init_aeabi.o(.text)
    __user_setup_stackheap                   0x00002d75   Thumb Code    74  sys_stackheap_outer.o(.text)
    exit                                     0x00002dbf   Thumb Code    18  exit.o(.text)
    __user_libspace                          0x00002dd1   Thumb Code     8  libspace.o(.text)
    __user_perproc_libspace                  0x00002dd1   Thumb Code     0  libspace.o(.text)
    __user_perthread_libspace                0x00002dd1   Thumb Code     0  libspace.o(.text)
    __I$use$semihosting                      0x00002dd9   Thumb Code     0  use_no_semi.o(.text)
    __use_no_semihosting_swi                 0x00002dd9   Thumb Code     2  use_no_semi.o(.text)
    __semihosting_library_function           0x00002ddb   Thumb Code     0  indicate_semi.o(.text)
    _sys_exit                                0x00002ddd   Thumb Code     8  sys_exit.o(.text)
    Region$$Table$$Base                      0x00015274   Number         0  anon$$obj.o(Region$$Table)
    Region$$Table$$Limit                     0x00015294   Number         0  anon$$obj.o(Region$$Table)
    SHT$$INIT_ARRAY$$Base                    0x00015294   Number         0  main.o(.init_array)
    SHT$$INIT_ARRAY$$Limit                   0x0001529c   Number         0  init_aeabi.o(.init_array)
    enemies1                                 0x20000000   Data          96  main.o(.data)
    enemies2                                 0x20000060   Data         192  main.o(.data)
    enemies3                                 0x20000120   Data         192  main.o(.data)
    main1                                    0x200001e0   Data          16  main.o(.data)
    lives                                    0x200001f0   Data           4  main.o(.data)
    level                                    0x200001f4   Data           4  main.o(.data)
    delay                                    0x200001f8   Data           4  main.o(.data)
    size1                                    0x200001fc   Data           4  main.o(.data)
    size2                                    0x20000200   Data           4  main.o(.data)
    check1                                   0x20000204   Data           4  main.o(.data)
    temp                                     0x20000208   Data           4  main.o(.data)
    check                                    0x2000020c   Data           1  main.o(.data)
    time                                     0x20000210   Data           4  main.o(.data)
    flag                                     0x20000214   Data           4  main.o(.data)
    StX                                      0x20000218   Data           4  st7735.o(.data)
    StY                                      0x2000021c   Data           4  st7735.o(.data)
    StTextColor                              0x20000220   Data           2  st7735.o(.data)
    Messageindex                             0x2000022c   Data           4  st7735.o(.data)
    Ymax                                     0x20000230   Data           4  st7735.o(.data)
    Ymin                                     0x20000234   Data           4  st7735.o(.data)
    X                                        0x20000238   Data           4  st7735.o(.data)
    Yrange                                   0x2000023c   Data           4  st7735.o(.data)
    lastj                                    0x20000240   Data           4  st7735.o(.data)
    sound                                    0x20000244   Data           4  sound.o(.data)
    i                                        0x20000248   Data           4  sound.o(.data)
    count                                    0x2000024c   Data           4  sound.o(.data)
    introsize                                0x20000250   Data           4  sound.o(.data)
    shoot1size                               0x20000254   Data           4  sound.o(.data)
    expsize                                  0x20000258   Data           4  sound.o(.data)
    bgmsize                                  0x2000025c   Data           4  sound.o(.data)
    PeriodicTask0                            0x20000260   Data           4  timer0.o(.data)
    PeriodicTask1                            0x20000264   Data           4  timer1.o(.data)
    my                                       0x20000268   Data          20  main.o(.bss)
    proj1                                    0x2000027c   Data        1600  main.o(.bss)
    proj2                                    0x200008bc   Data        1600  main.o(.bss)
    proj3                                    0x20000efc   Data        1600  main.o(.bss)
    Message                                  0x2000153c   Data          12  st7735.o(.bss)
    RxFifo                                   0x20001548   Data          40  uart.o(.bss)
    __libspace_start                         0x20001570   Data          96  libspace.o(.bss)
    __temporary_stack_top$libspace           0x200015d0   Data           0  libspace.o(.bss)



==============================================================================

Memory Map of the image

  Image Entry point : 0x0000026d

  Load Region LR_IROM1 (Base: 0x00000000, Size: 0x00015504, Max: 0x00040000, ABSOLUTE, COMPRESSED[0x00015328])

    Execution Region ER_IROM1 (Exec base: 0x00000000, Load base: 0x00000000, Size: 0x0001529c, Max: 0x00040000, ABSOLUTE)

    Exec Addr    Load Addr    Size         Type   Attr      Idx    E Section Name        Object

    0x00000000   0x00000000   0x0000026c   Data   RO            3    RESET               startup_tm4c123.o
    0x0000026c   0x0000026c   0x00000008   Code   RO          224  * !!!main             c_w.l(__main.o)
    0x00000274   0x00000274   0x00000034   Code   RO          389    !!!scatter          c_w.l(__scatter.o)
    0x000002a8   0x000002a8   0x0000005a   Code   RO          387    !!dczerorl2         c_w.l(__dczerorl2.o)
    0x00000302   0x00000302   0x00000002   PAD
    0x00000304   0x00000304   0x0000001c   Code   RO          391    !!handler_zi        c_w.l(__scatter_zi.o)
    0x00000320   0x00000320   0x00000002   Code   RO          310    .ARM.Collect$$libinit$$00000000  c_w.l(libinit.o)
    0x00000322   0x00000322   0x00000000   Code   RO          234    .ARM.Collect$$libinit$$00000002  c_w.l(libinit2.o)
    0x00000322   0x00000322   0x00000000   Code   RO          236    .ARM.Collect$$libinit$$00000004  c_w.l(libinit2.o)
    0x00000322   0x00000322   0x00000000   Code   RO          239    .ARM.Collect$$libinit$$0000000A  c_w.l(libinit2.o)
    0x00000322   0x00000322   0x00000000   Code   RO          241    .ARM.Collect$$libinit$$0000000C  c_w.l(libinit2.o)
    0x00000322   0x00000322   0x00000000   Code   RO          243    .ARM.Collect$$libinit$$0000000E  c_w.l(libinit2.o)
    0x00000322   0x00000322   0x00000000   Code   RO          246    .ARM.Collect$$libinit$$00000011  c_w.l(libinit2.o)
    0x00000322   0x00000322   0x00000000   Code   RO          248    .ARM.Collect$$libinit$$00000013  c_w.l(libinit2.o)
    0x00000322   0x00000322   0x00000000   Code   RO          250    .ARM.Collect$$libinit$$00000015  c_w.l(libinit2.o)
    0x00000322   0x00000322   0x00000000   Code   RO          252    .ARM.Collect$$libinit$$00000017  c_w.l(libinit2.o)
    0x00000322   0x00000322   0x00000000   Code   RO          254    .ARM.Collect$$libinit$$00000019  c_w.l(libinit2.o)
    0x00000322   0x00000322   0x00000000   Code   RO          256    .ARM.Collect$$libinit$$0000001B  c_w.l(libinit2.o)
    0x00000322   0x00000322   0x00000000   Code   RO          258    .ARM.Collect$$libinit$$0000001D  c_w.l(libinit2.o)
    0x00000322   0x00000322   0x00000000   Code   RO          260    .ARM.Collect$$libinit$$0000001F  c_w.l(libinit2.o)
    0x00000322   0x00000322   0x00000000   Code   RO          262    .ARM.Collect$$libinit$$00000021  c_w.l(libinit2.o)
    0x00000322   0x00000322   0x00000000   Code   RO          264    .ARM.Collect$$libinit$$00000023  c_w.l(libinit2.o)
    0x00000322   0x00000322   0x00000000   Code   RO          266    .ARM.Collect$$libinit$$00000025  c_w.l(libinit2.o)
    0x00000322   0x00000322   0x00000000   Code   RO          270    .ARM.Collect$$libinit$$0000002C  c_w.l(libinit2.o)
    0x00000322   0x00000322   0x00000000   Code   RO          272    .ARM.Collect$$libinit$$0000002E  c_w.l(libinit2.o)
    0x00000322   0x00000322   0x00000000   Code   RO          274    .ARM.Collect$$libinit$$00000030  c_w.l(libinit2.o)
    0x00000322   0x00000322   0x00000004   Code   RO          275    .ARM.Collect$$libinit$$00000031  c_w.l(libinit2.o)
    0x00000326   0x00000326   0x00000000   Code   RO          276    .ARM.Collect$$libinit$$00000032  c_w.l(libinit2.o)
    0x00000326   0x00000326   0x00000002   Code   RO          277    .ARM.Collect$$libinit$$00000033  c_w.l(libinit2.o)
    0x00000328   0x00000328   0x00000002   Code   RO          348    .ARM.Collect$$libshutdown$$00000000  c_w.l(libshutdown.o)
    0x0000032a   0x0000032a   0x00000000   Code   RO          354    .ARM.Collect$$libshutdown$$00000002  c_w.l(libshutdown2.o)
    0x0000032a   0x0000032a   0x00000000   Code   RO          356    .ARM.Collect$$libshutdown$$00000004  c_w.l(libshutdown2.o)
    0x0000032a   0x0000032a   0x00000000   Code   RO          359    .ARM.Collect$$libshutdown$$00000007  c_w.l(libshutdown2.o)
    0x0000032a   0x0000032a   0x00000000   Code   RO          362    .ARM.Collect$$libshutdown$$0000000A  c_w.l(libshutdown2.o)
    0x0000032a   0x0000032a   0x00000000   Code   RO          364    .ARM.Collect$$libshutdown$$0000000C  c_w.l(libshutdown2.o)
    0x0000032a   0x0000032a   0x00000000   Code   RO          367    .ARM.Collect$$libshutdown$$0000000F  c_w.l(libshutdown2.o)
    0x0000032a   0x0000032a   0x00000002   Code   RO          368    .ARM.Collect$$libshutdown$$00000010  c_w.l(libshutdown2.o)
    0x0000032c   0x0000032c   0x00000000   Code   RO          232    .ARM.Collect$$rtentry$$00000000  c_w.l(__rtentry.o)
    0x0000032c   0x0000032c   0x00000000   Code   RO          279    .ARM.Collect$$rtentry$$00000002  c_w.l(__rtentry2.o)
    0x0000032c   0x0000032c   0x00000006   Code   RO          291    .ARM.Collect$$rtentry$$00000004  c_w.l(__rtentry4.o)
    0x00000332   0x00000332   0x00000000   Code   RO          281    .ARM.Collect$$rtentry$$00000009  c_w.l(__rtentry2.o)
    0x00000332   0x00000332   0x00000004   Code   RO          282    .ARM.Collect$$rtentry$$0000000A  c_w.l(__rtentry2.o)
    0x00000336   0x00000336   0x00000000   Code   RO          284    .ARM.Collect$$rtentry$$0000000C  c_w.l(__rtentry2.o)
    0x00000336   0x00000336   0x00000008   Code   RO          285    .ARM.Collect$$rtentry$$0000000D  c_w.l(__rtentry2.o)
    0x0000033e   0x0000033e   0x00000002   Code   RO          316    .ARM.Collect$$rtexit$$00000000  c_w.l(rtexit.o)
    0x00000340   0x00000340   0x00000000   Code   RO          328    .ARM.Collect$$rtexit$$00000002  c_w.l(rtexit2.o)
    0x00000340   0x00000340   0x00000004   Code   RO          329    .ARM.Collect$$rtexit$$00000003  c_w.l(rtexit2.o)
    0x00000344   0x00000344   0x00000006   Code   RO          330    .ARM.Collect$$rtexit$$00000004  c_w.l(rtexit2.o)
    0x0000034a   0x0000034a   0x00000002   PAD
    0x0000034c   0x0000034c   0x00000128   Code   RO            4    .text               startup_tm4c123.o
    0x00000474   0x00000474   0x000012e0   Code   RO           10    .text               main.o
    0x00001754   0x00001754   0x00000054   Code   RO           64    .text               dac.o
    0x000017a8   0x000017a8   0x0000007c   Code   RO           80    .text               pll.o
    0x00001824   0x00001824   0x000010b0   Code   RO          108    .text               st7735.o
    0x000028d4   0x000028d4   0x00000160   Code   RO          126    .text               slidepot.o
    0x00002a34   0x00002a34   0x00000110   Code   RO          139    .text               sound.o
    0x00002b44   0x00002b44   0x00000070   Code   RO          156    .text               timer0.o
    0x00002bb4   0x00002bb4   0x00000070   Code   RO          172    .text               timer1.o
    0x00002c24   0x00002c24   0x0000005c   Code   RO          188    .text               uart.o
    0x00002c80   0x00002c80   0x000000c8   Code   RO          208    .text               fifo.o
    0x00002d48   0x00002d48   0x00000006   Code   RO          222    .text               c_w.l(heapauxi.o)
    0x00002d4e   0x00002d4e   0x00000002   PAD
    0x00002d50   0x00002d50   0x00000024   Code   RO          229    .text               c_w.l(init_aeabi.o)
    0x00002d74   0x00002d74   0x0000004a   Code   RO          297    .text               c_w.l(sys_stackheap_outer.o)
    0x00002dbe   0x00002dbe   0x00000012   Code   RO          299    .text               c_w.l(exit.o)
    0x00002dd0   0x00002dd0   0x00000008   Code   RO          313    .text               c_w.l(libspace.o)
    0x00002dd8   0x00002dd8   0x00000002   Code   RO          324    .text               c_w.l(use_no_semi.o)
    0x00002dda   0x00002dda   0x00000000   Code   RO          326    .text               c_w.l(indicate_semi.o)
    0x00002dda   0x00002dda   0x00000002   PAD
    0x00002ddc   0x00002ddc   0x0000000c   Code   RO          340    .text               c_w.l(sys_exit.o)
    0x00002de8   0x00002de8   0x00004900   Data   RO           13    .constdata          main.o
    0x000076e8   0x000076e8   0x00000842   Data   RO          111    .constdata          st7735.o
    0x00007f2a   0x00007f2a   0x0000d347   Data   RO          141    .constdata          sound.o
    0x00015271   0x00015271   0x00000003   PAD
    0x00015274   0x00015274   0x00000020   Data   RO          385    Region$$Table       anon$$obj.o
    0x00015294   0x00015294   0x00000004   Data   RO           15    .init_array         main.o
    0x00015298   0x00015294   0x00000004   Data   RO          191    .init_array         uart.o
    0x0001529c   0x00015294   0x00000000   Data   RO          227    .init_array         c_w.l(init_aeabi.o)


    Execution Region RW_IRAM1 (Exec base: 0x20000000, Load base: 0x0001529c, Size: 0x00001dd0, Max: 0x00008000, ABSOLUTE, COMPRESSED[0x0000008c])

    Exec Addr    Load Addr    Size         Type   Attr      Idx    E Section Name        Object

    0x20000000   COMPRESSED   0x00000218   Data   RW           14    .data               main.o
    0x20000218   COMPRESSED   0x0000002c   Data   RW          112    .data               st7735.o
    0x20000244   COMPRESSED   0x0000001c   Data   RW          142    .data               sound.o
    0x20000260   COMPRESSED   0x00000004   Data   RW          158    .data               timer0.o
    0x20000264   COMPRESSED   0x00000004   Data   RW          174    .data               timer1.o
    0x20000268        -       0x000012d4   Zero   RW           12    .bss                main.o
    0x2000153c        -       0x0000000c   Zero   RW          110    .bss                st7735.o
    0x20001548        -       0x00000028   Zero   RW          190    .bss                uart.o
    0x20001570        -       0x00000060   Zero   RW          314    .bss                c_w.l(libspace.o)
    0x200015d0        -       0x00000400   Zero   RW            2    HEAP                startup_tm4c123.o
    0x200019d0        -       0x00000400   Zero   RW            1    STACK               startup_tm4c123.o


==============================================================================

Image component sizes


      Code (inc. data)   RO Data    RW Data    ZI Data      Debug   Object Name

        84         18          0          0          0       1755   dac.o
       200          0          0          0          0       1560   fifo.o
      4832        454      18692        536       4820      11755   main.o
       124          4          0          0          0        447   pll.o
       352         26          0          0          0       1794   slidepot.o
       272         44      54087         28          0       1923   sound.o
      4272        234       2114         44         12      16420   st7735.o
       296         22        620          0       2048       5588   startup_tm4c123.o
       112         22          0          4          0       1158   timer0.o
       112         22          0          4          0       1158   timer1.o
        92          4          4          0         40       2213   uart.o

    ----------------------------------------------------------------------
     10748        850      75552        616       6920      45771   Object Totals
         0          0         32          0          0          0   (incl. Generated)
         0          0          3          0          0          0   (incl. Padding)

    ----------------------------------------------------------------------

      Code (inc. data)   RO Data    RW Data    ZI Data      Debug   Library Member Name

        90          0          0          0          0          0   __dczerorl2.o
         8          0          0          0          0         68   __main.o
         0          0          0          0          0          0   __rtentry.o
        12          0          0          0          0          0   __rtentry2.o
         6          0          0          0          0          0   __rtentry4.o
        52          8          0          0          0          0   __scatter.o
        28          0          0          0          0          0   __scatter_zi.o
        18          0          0          0          0         80   exit.o
         6          0          0          0          0        152   heapauxi.o
         0          0          0          0          0          0   indicate_semi.o
        36         10          0          0          0         80   init_aeabi.o
         2          0          0          0          0          0   libinit.o
         6          0          0          0          0          0   libinit2.o
         2          0          0          0          0          0   libshutdown.o
         2          0          0          0          0          0   libshutdown2.o
         8          4          0          0         96         68   libspace.o
         2          0          0          0          0          0   rtexit.o
        10          0          0          0          0          0   rtexit2.o
        12          4          0          0          0         68   sys_exit.o
        74          0          0          0          0         80   sys_stackheap_outer.o
         2          0          0          0          0         68   use_no_semi.o

    ----------------------------------------------------------------------
       384         26          0          0         96        664   Library Totals
         8          0          0          0          0          0   (incl. Padding)

    ----------------------------------------------------------------------

      Code (inc. data)   RO Data    RW Data    ZI Data      Debug   Library Name

       376         26          0          0         96        664   c_w.l

    ----------------------------------------------------------------------
       384         26          0          0         96        664   Library Totals

    ----------------------------------------------------------------------

==============================================================================


      Code (inc. data)   RO Data    RW Data    ZI Data      Debug   

     11132        876      75552        616       7016      45391   Grand Totals
     11132        876      75552        140       7016      45391   ELF Image Totals (compressed)
     11132        876      75552        140          0          0   ROM Totals

==============================================================================

    Total RO  Size (Code + RO Data)                86684 (  84.65kB)
    Total RW  Size (RW Data + ZI Data)              7632 (   7.45kB)
    Total ROM Size (Code + RO Data + RW Data)      86824 (  84.79kB)

==============================================================================

